cargo :    Compiling proc-macro2 v1.0.106
At line:1 char:1
+ cargo build --workspace --features postgres,qdrant 
2> build_error.log
+ ~~~~~~~~~~~~~~~~~~~~~~~~~~~~~~~~~~~~~~~~~~~~~~~~~~~
~~~~~~~~~~~~~~~~~~
    + CategoryInfo          : NotSpecified: (   Comp 
   iling proc-macro2 v1.0.106:String) [], RemoteExc  
  eption
    + FullyQualifiedErrorId : NativeCommandError
 
   Compiling quote v1.0.44
   Compiling bytes v1.11.1
   Compiling parking_lot_core v0.9.12
   Compiling windows_x86_64_msvc v0.53.1
   Compiling scopeguard v1.2.0
   Compiling itoa v1.0.17
   Compiling smallvec v1.15.1
error: linker `link.exe` not found
  |
  = note: program not found

note: the msvc targets depend on the msvc linker but 
`link.exe` was not found

note: please ensure that Visual Studio 2017 or 
later, or Build Tools for Visual Studio were 
installed with the Visual C++ option.

note: VS Code is a different product, and is not 
sufficient.

error: could not compile `windows_x86_64_msvc` 
(build script) due to 1 previous error
warning: build failed, waiting for other jobs to 
finish...
error: could not compile `quote` (build script) due 
to 1 previous error
error: could not compile `parking_lot_core` (build 
script) due to 1 previous error
error: could not compile `proc-macro2` (build 
script) due to 1 previous error
